// Jest Snapshot v1, https://goo.gl/fbAQLP

exports[`ShowOtherAdviceButton renders correctly 1`] = `
<button
  className="Advice-other-advice-button"
  onClick={[MockFunction]}
>
  Show other advice
</button>
`;
